ARM GAS  C:\Users\CUREAM~1\AppData\Local\Temp\cczepCrS.s 			page 1


   1              		.cpu cortex-m3
   2              		.arch armv7-m
   3              		.fpu softvfp
   4              		.eabi_attribute 20, 1
   5              		.eabi_attribute 21, 1
   6              		.eabi_attribute 23, 3
   7              		.eabi_attribute 24, 1
   8              		.eabi_attribute 25, 1
   9              		.eabi_attribute 26, 1
  10              		.eabi_attribute 30, 1
  11              		.eabi_attribute 34, 1
  12              		.eabi_attribute 18, 4
  13              		.file	"stm32f1xx_hal_msp.c"
  14              		.text
  15              	.Ltext0:
  16              		.cfi_sections	.debug_frame
  17              		.file 1 "Core/Src/stm32f1xx_hal_msp.c"
  18              		.section	.text.HAL_MspInit,"ax",%progbits
  19              		.align	1
  20              		.global	HAL_MspInit
  21              		.syntax unified
  22              		.thumb
  23              		.thumb_func
  25              	HAL_MspInit:
  26              	.LFB65:
   1:Core/Src/stm32f1xx_hal_msp.c **** /* USER CODE BEGIN Header */
   2:Core/Src/stm32f1xx_hal_msp.c **** /**
   3:Core/Src/stm32f1xx_hal_msp.c ****   ******************************************************************************
   4:Core/Src/stm32f1xx_hal_msp.c ****   * @file         stm32f1xx_hal_msp.c
   5:Core/Src/stm32f1xx_hal_msp.c ****   * @brief        This file provides code for the MSP Initialization
   6:Core/Src/stm32f1xx_hal_msp.c ****   *               and de-Initialization codes.
   7:Core/Src/stm32f1xx_hal_msp.c ****   ******************************************************************************
   8:Core/Src/stm32f1xx_hal_msp.c ****   * @attention
   9:Core/Src/stm32f1xx_hal_msp.c ****   *
  10:Core/Src/stm32f1xx_hal_msp.c ****   * Copyright (c) 2024 STMicroelectronics.
  11:Core/Src/stm32f1xx_hal_msp.c ****   * All rights reserved.
  12:Core/Src/stm32f1xx_hal_msp.c ****   *
  13:Core/Src/stm32f1xx_hal_msp.c ****   * This software is licensed under terms that can be found in the LICENSE file
  14:Core/Src/stm32f1xx_hal_msp.c ****   * in the root directory of this software component.
  15:Core/Src/stm32f1xx_hal_msp.c ****   * If no LICENSE file comes with this software, it is provided AS-IS.
  16:Core/Src/stm32f1xx_hal_msp.c ****   *
  17:Core/Src/stm32f1xx_hal_msp.c ****   ******************************************************************************
  18:Core/Src/stm32f1xx_hal_msp.c ****   */
  19:Core/Src/stm32f1xx_hal_msp.c **** /* USER CODE END Header */
  20:Core/Src/stm32f1xx_hal_msp.c **** 
  21:Core/Src/stm32f1xx_hal_msp.c **** /* Includes ------------------------------------------------------------------*/
  22:Core/Src/stm32f1xx_hal_msp.c **** #include "main.h"
  23:Core/Src/stm32f1xx_hal_msp.c **** /* USER CODE BEGIN Includes */
  24:Core/Src/stm32f1xx_hal_msp.c **** 
  25:Core/Src/stm32f1xx_hal_msp.c **** /* USER CODE END Includes */
  26:Core/Src/stm32f1xx_hal_msp.c **** 
  27:Core/Src/stm32f1xx_hal_msp.c **** /* Private typedef -----------------------------------------------------------*/
  28:Core/Src/stm32f1xx_hal_msp.c **** /* USER CODE BEGIN TD */
  29:Core/Src/stm32f1xx_hal_msp.c **** 
  30:Core/Src/stm32f1xx_hal_msp.c **** /* USER CODE END TD */
  31:Core/Src/stm32f1xx_hal_msp.c **** 
  32:Core/Src/stm32f1xx_hal_msp.c **** /* Private define ------------------------------------------------------------*/
ARM GAS  C:\Users\CUREAM~1\AppData\Local\Temp\cczepCrS.s 			page 2


  33:Core/Src/stm32f1xx_hal_msp.c **** /* USER CODE BEGIN Define */
  34:Core/Src/stm32f1xx_hal_msp.c **** 
  35:Core/Src/stm32f1xx_hal_msp.c **** /* USER CODE END Define */
  36:Core/Src/stm32f1xx_hal_msp.c **** 
  37:Core/Src/stm32f1xx_hal_msp.c **** /* Private macro -------------------------------------------------------------*/
  38:Core/Src/stm32f1xx_hal_msp.c **** /* USER CODE BEGIN Macro */
  39:Core/Src/stm32f1xx_hal_msp.c **** 
  40:Core/Src/stm32f1xx_hal_msp.c **** /* USER CODE END Macro */
  41:Core/Src/stm32f1xx_hal_msp.c **** 
  42:Core/Src/stm32f1xx_hal_msp.c **** /* Private variables ---------------------------------------------------------*/
  43:Core/Src/stm32f1xx_hal_msp.c **** /* USER CODE BEGIN PV */
  44:Core/Src/stm32f1xx_hal_msp.c **** 
  45:Core/Src/stm32f1xx_hal_msp.c **** /* USER CODE END PV */
  46:Core/Src/stm32f1xx_hal_msp.c **** 
  47:Core/Src/stm32f1xx_hal_msp.c **** /* Private function prototypes -----------------------------------------------*/
  48:Core/Src/stm32f1xx_hal_msp.c **** /* USER CODE BEGIN PFP */
  49:Core/Src/stm32f1xx_hal_msp.c **** 
  50:Core/Src/stm32f1xx_hal_msp.c **** /* USER CODE END PFP */
  51:Core/Src/stm32f1xx_hal_msp.c **** 
  52:Core/Src/stm32f1xx_hal_msp.c **** /* External functions --------------------------------------------------------*/
  53:Core/Src/stm32f1xx_hal_msp.c **** /* USER CODE BEGIN ExternalFunctions */
  54:Core/Src/stm32f1xx_hal_msp.c **** 
  55:Core/Src/stm32f1xx_hal_msp.c **** /* USER CODE END ExternalFunctions */
  56:Core/Src/stm32f1xx_hal_msp.c **** 
  57:Core/Src/stm32f1xx_hal_msp.c **** /* USER CODE BEGIN 0 */
  58:Core/Src/stm32f1xx_hal_msp.c **** 
  59:Core/Src/stm32f1xx_hal_msp.c **** /* USER CODE END 0 */
  60:Core/Src/stm32f1xx_hal_msp.c **** 
  61:Core/Src/stm32f1xx_hal_msp.c **** void HAL_TIM_MspPostInit(TIM_HandleTypeDef *htim);
  62:Core/Src/stm32f1xx_hal_msp.c ****                     /**
  63:Core/Src/stm32f1xx_hal_msp.c ****   * Initializes the Global MSP.
  64:Core/Src/stm32f1xx_hal_msp.c ****   */
  65:Core/Src/stm32f1xx_hal_msp.c **** void HAL_MspInit(void)
  66:Core/Src/stm32f1xx_hal_msp.c **** {
  27              		.loc 1 66 1 view -0
  28              		.cfi_startproc
  29              		@ args = 0, pretend = 0, frame = 8
  30              		@ frame_needed = 0, uses_anonymous_args = 0
  31              		@ link register save eliminated.
  32 0000 82B0     		sub	sp, sp, #8
  33              	.LCFI0:
  34              		.cfi_def_cfa_offset 8
  67:Core/Src/stm32f1xx_hal_msp.c **** 
  68:Core/Src/stm32f1xx_hal_msp.c ****   /* USER CODE BEGIN MspInit 0 */
  69:Core/Src/stm32f1xx_hal_msp.c **** 
  70:Core/Src/stm32f1xx_hal_msp.c ****   /* USER CODE END MspInit 0 */
  71:Core/Src/stm32f1xx_hal_msp.c **** 
  72:Core/Src/stm32f1xx_hal_msp.c ****   __HAL_RCC_AFIO_CLK_ENABLE();
  35              		.loc 1 72 3 view .LVU1
  36              	.LBB2:
  37              		.loc 1 72 3 view .LVU2
  38              		.loc 1 72 3 view .LVU3
  39 0002 0E4B     		ldr	r3, .L3
  40 0004 9A69     		ldr	r2, [r3, #24]
  41 0006 42F00102 		orr	r2, r2, #1
  42 000a 9A61     		str	r2, [r3, #24]
  43              		.loc 1 72 3 view .LVU4
ARM GAS  C:\Users\CUREAM~1\AppData\Local\Temp\cczepCrS.s 			page 3


  44 000c 9A69     		ldr	r2, [r3, #24]
  45 000e 02F00102 		and	r2, r2, #1
  46 0012 0092     		str	r2, [sp]
  47              		.loc 1 72 3 view .LVU5
  48 0014 009A     		ldr	r2, [sp]
  49              	.LBE2:
  50              		.loc 1 72 3 view .LVU6
  73:Core/Src/stm32f1xx_hal_msp.c ****   __HAL_RCC_PWR_CLK_ENABLE();
  51              		.loc 1 73 3 view .LVU7
  52              	.LBB3:
  53              		.loc 1 73 3 view .LVU8
  54              		.loc 1 73 3 view .LVU9
  55 0016 DA69     		ldr	r2, [r3, #28]
  56 0018 42F08052 		orr	r2, r2, #268435456
  57 001c DA61     		str	r2, [r3, #28]
  58              		.loc 1 73 3 view .LVU10
  59 001e DB69     		ldr	r3, [r3, #28]
  60 0020 03F08053 		and	r3, r3, #268435456
  61 0024 0193     		str	r3, [sp, #4]
  62              		.loc 1 73 3 view .LVU11
  63 0026 019B     		ldr	r3, [sp, #4]
  64              	.LBE3:
  65              		.loc 1 73 3 view .LVU12
  74:Core/Src/stm32f1xx_hal_msp.c **** 
  75:Core/Src/stm32f1xx_hal_msp.c ****   /* System interrupt init*/
  76:Core/Src/stm32f1xx_hal_msp.c **** 
  77:Core/Src/stm32f1xx_hal_msp.c ****   /** DISABLE: JTAG-DP Disabled and SW-DP Disabled
  78:Core/Src/stm32f1xx_hal_msp.c ****   */
  79:Core/Src/stm32f1xx_hal_msp.c ****   __HAL_AFIO_REMAP_SWJ_DISABLE();
  66              		.loc 1 79 3 view .LVU13
  67              	.LBB4:
  68              		.loc 1 79 3 view .LVU14
  69 0028 054A     		ldr	r2, .L3+4
  70 002a 5368     		ldr	r3, [r2, #4]
  71              	.LVL0:
  72              		.loc 1 79 3 view .LVU15
  73 002c 23F0E063 		bic	r3, r3, #117440512
  74              	.LVL1:
  75              		.loc 1 79 3 view .LVU16
  76 0030 43F08063 		orr	r3, r3, #67108864
  77              	.LVL2:
  78              		.loc 1 79 3 view .LVU17
  79 0034 5360     		str	r3, [r2, #4]
  80              	.LBE4:
  81              		.loc 1 79 3 view .LVU18
  80:Core/Src/stm32f1xx_hal_msp.c **** 
  81:Core/Src/stm32f1xx_hal_msp.c ****   /* USER CODE BEGIN MspInit 1 */
  82:Core/Src/stm32f1xx_hal_msp.c **** 
  83:Core/Src/stm32f1xx_hal_msp.c ****   /* USER CODE END MspInit 1 */
  84:Core/Src/stm32f1xx_hal_msp.c **** }
  82              		.loc 1 84 1 is_stmt 0 view .LVU19
  83 0036 02B0     		add	sp, sp, #8
  84              	.LCFI1:
  85              		.cfi_def_cfa_offset 0
  86              		@ sp needed
  87 0038 7047     		bx	lr
  88              	.L4:
ARM GAS  C:\Users\CUREAM~1\AppData\Local\Temp\cczepCrS.s 			page 4


  89 003a 00BF     		.align	2
  90              	.L3:
  91 003c 00100240 		.word	1073876992
  92 0040 00000140 		.word	1073807360
  93              		.cfi_endproc
  94              	.LFE65:
  96              		.section	.text.HAL_TIM_Base_MspInit,"ax",%progbits
  97              		.align	1
  98              		.global	HAL_TIM_Base_MspInit
  99              		.syntax unified
 100              		.thumb
 101              		.thumb_func
 103              	HAL_TIM_Base_MspInit:
 104              	.LVL3:
 105              	.LFB66:
  85:Core/Src/stm32f1xx_hal_msp.c **** 
  86:Core/Src/stm32f1xx_hal_msp.c **** /**
  87:Core/Src/stm32f1xx_hal_msp.c ****   * @brief TIM_Base MSP Initialization
  88:Core/Src/stm32f1xx_hal_msp.c ****   * This function configures the hardware resources used in this example
  89:Core/Src/stm32f1xx_hal_msp.c ****   * @param htim_base: TIM_Base handle pointer
  90:Core/Src/stm32f1xx_hal_msp.c ****   * @retval None
  91:Core/Src/stm32f1xx_hal_msp.c ****   */
  92:Core/Src/stm32f1xx_hal_msp.c **** void HAL_TIM_Base_MspInit(TIM_HandleTypeDef* htim_base)
  93:Core/Src/stm32f1xx_hal_msp.c **** {
 106              		.loc 1 93 1 is_stmt 1 view -0
 107              		.cfi_startproc
 108              		@ args = 0, pretend = 0, frame = 8
 109              		@ frame_needed = 0, uses_anonymous_args = 0
  94:Core/Src/stm32f1xx_hal_msp.c ****   if(htim_base->Instance==TIM2)
 110              		.loc 1 94 3 view .LVU21
 111              		.loc 1 94 15 is_stmt 0 view .LVU22
 112 0000 0368     		ldr	r3, [r0]
 113              		.loc 1 94 5 view .LVU23
 114 0002 B3F1804F 		cmp	r3, #1073741824
 115 0006 00D0     		beq	.L11
 116 0008 7047     		bx	lr
 117              	.L11:
  93:Core/Src/stm32f1xx_hal_msp.c ****   if(htim_base->Instance==TIM2)
 118              		.loc 1 93 1 view .LVU24
 119 000a 00B5     		push	{lr}
 120              	.LCFI2:
 121              		.cfi_def_cfa_offset 4
 122              		.cfi_offset 14, -4
 123 000c 83B0     		sub	sp, sp, #12
 124              	.LCFI3:
 125              		.cfi_def_cfa_offset 16
  95:Core/Src/stm32f1xx_hal_msp.c ****   {
  96:Core/Src/stm32f1xx_hal_msp.c ****     /* USER CODE BEGIN TIM2_MspInit 0 */
  97:Core/Src/stm32f1xx_hal_msp.c **** 
  98:Core/Src/stm32f1xx_hal_msp.c ****     /* USER CODE END TIM2_MspInit 0 */
  99:Core/Src/stm32f1xx_hal_msp.c ****     /* Peripheral clock enable */
 100:Core/Src/stm32f1xx_hal_msp.c ****     __HAL_RCC_TIM2_CLK_ENABLE();
 126              		.loc 1 100 5 is_stmt 1 view .LVU25
 127              	.LBB5:
 128              		.loc 1 100 5 view .LVU26
 129              		.loc 1 100 5 view .LVU27
 130 000e 03F50433 		add	r3, r3, #135168
ARM GAS  C:\Users\CUREAM~1\AppData\Local\Temp\cczepCrS.s 			page 5


 131 0012 DA69     		ldr	r2, [r3, #28]
 132 0014 42F00102 		orr	r2, r2, #1
 133 0018 DA61     		str	r2, [r3, #28]
 134              		.loc 1 100 5 view .LVU28
 135 001a DB69     		ldr	r3, [r3, #28]
 136 001c 03F00103 		and	r3, r3, #1
 137 0020 0193     		str	r3, [sp, #4]
 138              		.loc 1 100 5 view .LVU29
 139 0022 019B     		ldr	r3, [sp, #4]
 140              	.LBE5:
 141              		.loc 1 100 5 view .LVU30
 101:Core/Src/stm32f1xx_hal_msp.c ****     /* TIM2 interrupt Init */
 102:Core/Src/stm32f1xx_hal_msp.c ****     HAL_NVIC_SetPriority(TIM2_IRQn, 0, 0);
 142              		.loc 1 102 5 view .LVU31
 143 0024 0022     		movs	r2, #0
 144 0026 1146     		mov	r1, r2
 145 0028 1C20     		movs	r0, #28
 146              	.LVL4:
 147              		.loc 1 102 5 is_stmt 0 view .LVU32
 148 002a FFF7FEFF 		bl	HAL_NVIC_SetPriority
 149              	.LVL5:
 103:Core/Src/stm32f1xx_hal_msp.c ****     HAL_NVIC_EnableIRQ(TIM2_IRQn);
 150              		.loc 1 103 5 is_stmt 1 view .LVU33
 151 002e 1C20     		movs	r0, #28
 152 0030 FFF7FEFF 		bl	HAL_NVIC_EnableIRQ
 153              	.LVL6:
 104:Core/Src/stm32f1xx_hal_msp.c ****     /* USER CODE BEGIN TIM2_MspInit 1 */
 105:Core/Src/stm32f1xx_hal_msp.c **** 
 106:Core/Src/stm32f1xx_hal_msp.c ****     /* USER CODE END TIM2_MspInit 1 */
 107:Core/Src/stm32f1xx_hal_msp.c **** 
 108:Core/Src/stm32f1xx_hal_msp.c ****   }
 109:Core/Src/stm32f1xx_hal_msp.c **** 
 110:Core/Src/stm32f1xx_hal_msp.c **** }
 154              		.loc 1 110 1 is_stmt 0 view .LVU34
 155 0034 03B0     		add	sp, sp, #12
 156              	.LCFI4:
 157              		.cfi_def_cfa_offset 4
 158              		@ sp needed
 159 0036 5DF804FB 		ldr	pc, [sp], #4
 160              		.cfi_endproc
 161              	.LFE66:
 163              		.section	.text.HAL_TIM_MspPostInit,"ax",%progbits
 164              		.align	1
 165              		.global	HAL_TIM_MspPostInit
 166              		.syntax unified
 167              		.thumb
 168              		.thumb_func
 170              	HAL_TIM_MspPostInit:
 171              	.LVL7:
 172              	.LFB67:
 111:Core/Src/stm32f1xx_hal_msp.c **** 
 112:Core/Src/stm32f1xx_hal_msp.c **** void HAL_TIM_MspPostInit(TIM_HandleTypeDef* htim)
 113:Core/Src/stm32f1xx_hal_msp.c **** {
 173              		.loc 1 113 1 is_stmt 1 view -0
 174              		.cfi_startproc
 175              		@ args = 0, pretend = 0, frame = 24
 176              		@ frame_needed = 0, uses_anonymous_args = 0
ARM GAS  C:\Users\CUREAM~1\AppData\Local\Temp\cczepCrS.s 			page 6


 177              		.loc 1 113 1 is_stmt 0 view .LVU36
 178 0000 00B5     		push	{lr}
 179              	.LCFI5:
 180              		.cfi_def_cfa_offset 4
 181              		.cfi_offset 14, -4
 182 0002 87B0     		sub	sp, sp, #28
 183              	.LCFI6:
 184              		.cfi_def_cfa_offset 32
 114:Core/Src/stm32f1xx_hal_msp.c ****   GPIO_InitTypeDef GPIO_InitStruct = {0};
 185              		.loc 1 114 3 is_stmt 1 view .LVU37
 186              		.loc 1 114 20 is_stmt 0 view .LVU38
 187 0004 0023     		movs	r3, #0
 188 0006 0293     		str	r3, [sp, #8]
 189 0008 0393     		str	r3, [sp, #12]
 190 000a 0493     		str	r3, [sp, #16]
 191 000c 0593     		str	r3, [sp, #20]
 115:Core/Src/stm32f1xx_hal_msp.c ****   if(htim->Instance==TIM2)
 192              		.loc 1 115 3 is_stmt 1 view .LVU39
 193              		.loc 1 115 10 is_stmt 0 view .LVU40
 194 000e 0368     		ldr	r3, [r0]
 195              		.loc 1 115 5 view .LVU41
 196 0010 B3F1804F 		cmp	r3, #1073741824
 197 0014 02D0     		beq	.L15
 198              	.LVL8:
 199              	.L12:
 116:Core/Src/stm32f1xx_hal_msp.c ****   {
 117:Core/Src/stm32f1xx_hal_msp.c ****     /* USER CODE BEGIN TIM2_MspPostInit 0 */
 118:Core/Src/stm32f1xx_hal_msp.c **** 
 119:Core/Src/stm32f1xx_hal_msp.c ****     /* USER CODE END TIM2_MspPostInit 0 */
 120:Core/Src/stm32f1xx_hal_msp.c **** 
 121:Core/Src/stm32f1xx_hal_msp.c ****     __HAL_RCC_GPIOA_CLK_ENABLE();
 122:Core/Src/stm32f1xx_hal_msp.c ****     /**TIM2 GPIO Configuration
 123:Core/Src/stm32f1xx_hal_msp.c ****     PA0-WKUP     ------> TIM2_CH1
 124:Core/Src/stm32f1xx_hal_msp.c ****     */
 125:Core/Src/stm32f1xx_hal_msp.c ****     GPIO_InitStruct.Pin = GPIO_PIN_0;
 126:Core/Src/stm32f1xx_hal_msp.c ****     GPIO_InitStruct.Mode = GPIO_MODE_AF_PP;
 127:Core/Src/stm32f1xx_hal_msp.c ****     GPIO_InitStruct.Speed = GPIO_SPEED_FREQ_LOW;
 128:Core/Src/stm32f1xx_hal_msp.c ****     HAL_GPIO_Init(GPIOA, &GPIO_InitStruct);
 129:Core/Src/stm32f1xx_hal_msp.c **** 
 130:Core/Src/stm32f1xx_hal_msp.c ****     /* USER CODE BEGIN TIM2_MspPostInit 1 */
 131:Core/Src/stm32f1xx_hal_msp.c **** 
 132:Core/Src/stm32f1xx_hal_msp.c ****     /* USER CODE END TIM2_MspPostInit 1 */
 133:Core/Src/stm32f1xx_hal_msp.c ****   }
 134:Core/Src/stm32f1xx_hal_msp.c **** 
 135:Core/Src/stm32f1xx_hal_msp.c **** }
 200              		.loc 1 135 1 view .LVU42
 201 0016 07B0     		add	sp, sp, #28
 202              	.LCFI7:
 203              		.cfi_remember_state
 204              		.cfi_def_cfa_offset 4
 205              		@ sp needed
 206 0018 5DF804FB 		ldr	pc, [sp], #4
 207              	.LVL9:
 208              	.L15:
 209              	.LCFI8:
 210              		.cfi_restore_state
 121:Core/Src/stm32f1xx_hal_msp.c ****     /**TIM2 GPIO Configuration
ARM GAS  C:\Users\CUREAM~1\AppData\Local\Temp\cczepCrS.s 			page 7


 211              		.loc 1 121 5 is_stmt 1 view .LVU43
 212              	.LBB6:
 121:Core/Src/stm32f1xx_hal_msp.c ****     /**TIM2 GPIO Configuration
 213              		.loc 1 121 5 view .LVU44
 121:Core/Src/stm32f1xx_hal_msp.c ****     /**TIM2 GPIO Configuration
 214              		.loc 1 121 5 view .LVU45
 215 001c 03F50433 		add	r3, r3, #135168
 216 0020 9A69     		ldr	r2, [r3, #24]
 217 0022 42F00402 		orr	r2, r2, #4
 218 0026 9A61     		str	r2, [r3, #24]
 121:Core/Src/stm32f1xx_hal_msp.c ****     /**TIM2 GPIO Configuration
 219              		.loc 1 121 5 view .LVU46
 220 0028 9B69     		ldr	r3, [r3, #24]
 221 002a 03F00403 		and	r3, r3, #4
 222 002e 0193     		str	r3, [sp, #4]
 121:Core/Src/stm32f1xx_hal_msp.c ****     /**TIM2 GPIO Configuration
 223              		.loc 1 121 5 view .LVU47
 224 0030 019B     		ldr	r3, [sp, #4]
 225              	.LBE6:
 121:Core/Src/stm32f1xx_hal_msp.c ****     /**TIM2 GPIO Configuration
 226              		.loc 1 121 5 view .LVU48
 125:Core/Src/stm32f1xx_hal_msp.c ****     GPIO_InitStruct.Mode = GPIO_MODE_AF_PP;
 227              		.loc 1 125 5 view .LVU49
 125:Core/Src/stm32f1xx_hal_msp.c ****     GPIO_InitStruct.Mode = GPIO_MODE_AF_PP;
 228              		.loc 1 125 25 is_stmt 0 view .LVU50
 229 0032 0123     		movs	r3, #1
 230 0034 0293     		str	r3, [sp, #8]
 126:Core/Src/stm32f1xx_hal_msp.c ****     GPIO_InitStruct.Speed = GPIO_SPEED_FREQ_LOW;
 231              		.loc 1 126 5 is_stmt 1 view .LVU51
 126:Core/Src/stm32f1xx_hal_msp.c ****     GPIO_InitStruct.Speed = GPIO_SPEED_FREQ_LOW;
 232              		.loc 1 126 26 is_stmt 0 view .LVU52
 233 0036 0223     		movs	r3, #2
 234 0038 0393     		str	r3, [sp, #12]
 127:Core/Src/stm32f1xx_hal_msp.c ****     HAL_GPIO_Init(GPIOA, &GPIO_InitStruct);
 235              		.loc 1 127 5 is_stmt 1 view .LVU53
 127:Core/Src/stm32f1xx_hal_msp.c ****     HAL_GPIO_Init(GPIOA, &GPIO_InitStruct);
 236              		.loc 1 127 27 is_stmt 0 view .LVU54
 237 003a 0593     		str	r3, [sp, #20]
 128:Core/Src/stm32f1xx_hal_msp.c **** 
 238              		.loc 1 128 5 is_stmt 1 view .LVU55
 239 003c 02A9     		add	r1, sp, #8
 240 003e 0248     		ldr	r0, .L16
 241              	.LVL10:
 128:Core/Src/stm32f1xx_hal_msp.c **** 
 242              		.loc 1 128 5 is_stmt 0 view .LVU56
 243 0040 FFF7FEFF 		bl	HAL_GPIO_Init
 244              	.LVL11:
 245              		.loc 1 135 1 view .LVU57
 246 0044 E7E7     		b	.L12
 247              	.L17:
 248 0046 00BF     		.align	2
 249              	.L16:
 250 0048 00080140 		.word	1073809408
 251              		.cfi_endproc
 252              	.LFE67:
 254              		.section	.text.HAL_TIM_Base_MspDeInit,"ax",%progbits
 255              		.align	1
ARM GAS  C:\Users\CUREAM~1\AppData\Local\Temp\cczepCrS.s 			page 8


 256              		.global	HAL_TIM_Base_MspDeInit
 257              		.syntax unified
 258              		.thumb
 259              		.thumb_func
 261              	HAL_TIM_Base_MspDeInit:
 262              	.LVL12:
 263              	.LFB68:
 136:Core/Src/stm32f1xx_hal_msp.c **** /**
 137:Core/Src/stm32f1xx_hal_msp.c ****   * @brief TIM_Base MSP De-Initialization
 138:Core/Src/stm32f1xx_hal_msp.c ****   * This function freeze the hardware resources used in this example
 139:Core/Src/stm32f1xx_hal_msp.c ****   * @param htim_base: TIM_Base handle pointer
 140:Core/Src/stm32f1xx_hal_msp.c ****   * @retval None
 141:Core/Src/stm32f1xx_hal_msp.c ****   */
 142:Core/Src/stm32f1xx_hal_msp.c **** void HAL_TIM_Base_MspDeInit(TIM_HandleTypeDef* htim_base)
 143:Core/Src/stm32f1xx_hal_msp.c **** {
 264              		.loc 1 143 1 is_stmt 1 view -0
 265              		.cfi_startproc
 266              		@ args = 0, pretend = 0, frame = 0
 267              		@ frame_needed = 0, uses_anonymous_args = 0
 268              		.loc 1 143 1 is_stmt 0 view .LVU59
 269 0000 08B5     		push	{r3, lr}
 270              	.LCFI9:
 271              		.cfi_def_cfa_offset 8
 272              		.cfi_offset 3, -8
 273              		.cfi_offset 14, -4
 144:Core/Src/stm32f1xx_hal_msp.c ****   if(htim_base->Instance==TIM2)
 274              		.loc 1 144 3 is_stmt 1 view .LVU60
 275              		.loc 1 144 15 is_stmt 0 view .LVU61
 276 0002 0368     		ldr	r3, [r0]
 277              		.loc 1 144 5 view .LVU62
 278 0004 B3F1804F 		cmp	r3, #1073741824
 279 0008 00D0     		beq	.L21
 280              	.LVL13:
 281              	.L18:
 145:Core/Src/stm32f1xx_hal_msp.c ****   {
 146:Core/Src/stm32f1xx_hal_msp.c ****     /* USER CODE BEGIN TIM2_MspDeInit 0 */
 147:Core/Src/stm32f1xx_hal_msp.c **** 
 148:Core/Src/stm32f1xx_hal_msp.c ****     /* USER CODE END TIM2_MspDeInit 0 */
 149:Core/Src/stm32f1xx_hal_msp.c ****     /* Peripheral clock disable */
 150:Core/Src/stm32f1xx_hal_msp.c ****     __HAL_RCC_TIM2_CLK_DISABLE();
 151:Core/Src/stm32f1xx_hal_msp.c **** 
 152:Core/Src/stm32f1xx_hal_msp.c ****     /* TIM2 interrupt DeInit */
 153:Core/Src/stm32f1xx_hal_msp.c ****     HAL_NVIC_DisableIRQ(TIM2_IRQn);
 154:Core/Src/stm32f1xx_hal_msp.c ****     /* USER CODE BEGIN TIM2_MspDeInit 1 */
 155:Core/Src/stm32f1xx_hal_msp.c **** 
 156:Core/Src/stm32f1xx_hal_msp.c ****     /* USER CODE END TIM2_MspDeInit 1 */
 157:Core/Src/stm32f1xx_hal_msp.c ****   }
 158:Core/Src/stm32f1xx_hal_msp.c **** 
 159:Core/Src/stm32f1xx_hal_msp.c **** }
 282              		.loc 1 159 1 view .LVU63
 283 000a 08BD     		pop	{r3, pc}
 284              	.LVL14:
 285              	.L21:
 150:Core/Src/stm32f1xx_hal_msp.c **** 
 286              		.loc 1 150 5 is_stmt 1 view .LVU64
 287 000c 044A     		ldr	r2, .L22
 288 000e D369     		ldr	r3, [r2, #28]
ARM GAS  C:\Users\CUREAM~1\AppData\Local\Temp\cczepCrS.s 			page 9


 289 0010 23F00103 		bic	r3, r3, #1
 290 0014 D361     		str	r3, [r2, #28]
 153:Core/Src/stm32f1xx_hal_msp.c ****     /* USER CODE BEGIN TIM2_MspDeInit 1 */
 291              		.loc 1 153 5 view .LVU65
 292 0016 1C20     		movs	r0, #28
 293              	.LVL15:
 153:Core/Src/stm32f1xx_hal_msp.c ****     /* USER CODE BEGIN TIM2_MspDeInit 1 */
 294              		.loc 1 153 5 is_stmt 0 view .LVU66
 295 0018 FFF7FEFF 		bl	HAL_NVIC_DisableIRQ
 296              	.LVL16:
 297              		.loc 1 159 1 view .LVU67
 298 001c F5E7     		b	.L18
 299              	.L23:
 300 001e 00BF     		.align	2
 301              	.L22:
 302 0020 00100240 		.word	1073876992
 303              		.cfi_endproc
 304              	.LFE68:
 306              		.section	.text.HAL_UART_MspInit,"ax",%progbits
 307              		.align	1
 308              		.global	HAL_UART_MspInit
 309              		.syntax unified
 310              		.thumb
 311              		.thumb_func
 313              	HAL_UART_MspInit:
 314              	.LVL17:
 315              	.LFB69:
 160:Core/Src/stm32f1xx_hal_msp.c **** 
 161:Core/Src/stm32f1xx_hal_msp.c **** /**
 162:Core/Src/stm32f1xx_hal_msp.c ****   * @brief UART MSP Initialization
 163:Core/Src/stm32f1xx_hal_msp.c ****   * This function configures the hardware resources used in this example
 164:Core/Src/stm32f1xx_hal_msp.c ****   * @param huart: UART handle pointer
 165:Core/Src/stm32f1xx_hal_msp.c ****   * @retval None
 166:Core/Src/stm32f1xx_hal_msp.c ****   */
 167:Core/Src/stm32f1xx_hal_msp.c **** void HAL_UART_MspInit(UART_HandleTypeDef* huart)
 168:Core/Src/stm32f1xx_hal_msp.c **** {
 316              		.loc 1 168 1 is_stmt 1 view -0
 317              		.cfi_startproc
 318              		@ args = 0, pretend = 0, frame = 32
 319              		@ frame_needed = 0, uses_anonymous_args = 0
 320              		.loc 1 168 1 is_stmt 0 view .LVU69
 321 0000 30B5     		push	{r4, r5, lr}
 322              	.LCFI10:
 323              		.cfi_def_cfa_offset 12
 324              		.cfi_offset 4, -12
 325              		.cfi_offset 5, -8
 326              		.cfi_offset 14, -4
 327 0002 89B0     		sub	sp, sp, #36
 328              	.LCFI11:
 329              		.cfi_def_cfa_offset 48
 169:Core/Src/stm32f1xx_hal_msp.c ****   GPIO_InitTypeDef GPIO_InitStruct = {0};
 330              		.loc 1 169 3 is_stmt 1 view .LVU70
 331              		.loc 1 169 20 is_stmt 0 view .LVU71
 332 0004 0023     		movs	r3, #0
 333 0006 0493     		str	r3, [sp, #16]
 334 0008 0593     		str	r3, [sp, #20]
 335 000a 0693     		str	r3, [sp, #24]
ARM GAS  C:\Users\CUREAM~1\AppData\Local\Temp\cczepCrS.s 			page 10


 336 000c 0793     		str	r3, [sp, #28]
 170:Core/Src/stm32f1xx_hal_msp.c ****   if(huart->Instance==USART1)
 337              		.loc 1 170 3 is_stmt 1 view .LVU72
 338              		.loc 1 170 11 is_stmt 0 view .LVU73
 339 000e 0368     		ldr	r3, [r0]
 340              		.loc 1 170 5 view .LVU74
 341 0010 314A     		ldr	r2, .L30
 342 0012 9342     		cmp	r3, r2
 343 0014 04D0     		beq	.L28
 171:Core/Src/stm32f1xx_hal_msp.c ****   {
 172:Core/Src/stm32f1xx_hal_msp.c ****     /* USER CODE BEGIN USART1_MspInit 0 */
 173:Core/Src/stm32f1xx_hal_msp.c **** 
 174:Core/Src/stm32f1xx_hal_msp.c ****     /* USER CODE END USART1_MspInit 0 */
 175:Core/Src/stm32f1xx_hal_msp.c ****     /* Peripheral clock enable */
 176:Core/Src/stm32f1xx_hal_msp.c ****     __HAL_RCC_USART1_CLK_ENABLE();
 177:Core/Src/stm32f1xx_hal_msp.c **** 
 178:Core/Src/stm32f1xx_hal_msp.c ****     __HAL_RCC_GPIOA_CLK_ENABLE();
 179:Core/Src/stm32f1xx_hal_msp.c ****     /**USART1 GPIO Configuration
 180:Core/Src/stm32f1xx_hal_msp.c ****     PA9     ------> USART1_TX
 181:Core/Src/stm32f1xx_hal_msp.c ****     PA10     ------> USART1_RX
 182:Core/Src/stm32f1xx_hal_msp.c ****     */
 183:Core/Src/stm32f1xx_hal_msp.c ****     GPIO_InitStruct.Pin = GPIO_PIN_9;
 184:Core/Src/stm32f1xx_hal_msp.c ****     GPIO_InitStruct.Mode = GPIO_MODE_AF_PP;
 185:Core/Src/stm32f1xx_hal_msp.c ****     GPIO_InitStruct.Speed = GPIO_SPEED_FREQ_HIGH;
 186:Core/Src/stm32f1xx_hal_msp.c ****     HAL_GPIO_Init(GPIOA, &GPIO_InitStruct);
 187:Core/Src/stm32f1xx_hal_msp.c **** 
 188:Core/Src/stm32f1xx_hal_msp.c ****     GPIO_InitStruct.Pin = GPIO_PIN_10;
 189:Core/Src/stm32f1xx_hal_msp.c ****     GPIO_InitStruct.Mode = GPIO_MODE_INPUT;
 190:Core/Src/stm32f1xx_hal_msp.c ****     GPIO_InitStruct.Pull = GPIO_NOPULL;
 191:Core/Src/stm32f1xx_hal_msp.c ****     HAL_GPIO_Init(GPIOA, &GPIO_InitStruct);
 192:Core/Src/stm32f1xx_hal_msp.c **** 
 193:Core/Src/stm32f1xx_hal_msp.c ****     /* USART1 interrupt Init */
 194:Core/Src/stm32f1xx_hal_msp.c ****     HAL_NVIC_SetPriority(USART1_IRQn, 0, 0);
 195:Core/Src/stm32f1xx_hal_msp.c ****     HAL_NVIC_EnableIRQ(USART1_IRQn);
 196:Core/Src/stm32f1xx_hal_msp.c ****     /* USER CODE BEGIN USART1_MspInit 1 */
 197:Core/Src/stm32f1xx_hal_msp.c **** 
 198:Core/Src/stm32f1xx_hal_msp.c ****     /* USER CODE END USART1_MspInit 1 */
 199:Core/Src/stm32f1xx_hal_msp.c ****   }
 200:Core/Src/stm32f1xx_hal_msp.c ****   else if(huart->Instance==USART3)
 344              		.loc 1 200 8 is_stmt 1 view .LVU75
 345              		.loc 1 200 10 is_stmt 0 view .LVU76
 346 0016 314A     		ldr	r2, .L30+4
 347 0018 9342     		cmp	r3, r2
 348 001a 33D0     		beq	.L29
 349              	.LVL18:
 350              	.L24:
 201:Core/Src/stm32f1xx_hal_msp.c ****   {
 202:Core/Src/stm32f1xx_hal_msp.c ****     /* USER CODE BEGIN USART3_MspInit 0 */
 203:Core/Src/stm32f1xx_hal_msp.c **** 
 204:Core/Src/stm32f1xx_hal_msp.c ****     /* USER CODE END USART3_MspInit 0 */
 205:Core/Src/stm32f1xx_hal_msp.c ****     /* Peripheral clock enable */
 206:Core/Src/stm32f1xx_hal_msp.c ****     __HAL_RCC_USART3_CLK_ENABLE();
 207:Core/Src/stm32f1xx_hal_msp.c **** 
 208:Core/Src/stm32f1xx_hal_msp.c ****     __HAL_RCC_GPIOB_CLK_ENABLE();
 209:Core/Src/stm32f1xx_hal_msp.c ****     /**USART3 GPIO Configuration
 210:Core/Src/stm32f1xx_hal_msp.c ****     PB10     ------> USART3_TX
 211:Core/Src/stm32f1xx_hal_msp.c ****     PB11     ------> USART3_RX
ARM GAS  C:\Users\CUREAM~1\AppData\Local\Temp\cczepCrS.s 			page 11


 212:Core/Src/stm32f1xx_hal_msp.c ****     */
 213:Core/Src/stm32f1xx_hal_msp.c ****     GPIO_InitStruct.Pin = GPIO_PIN_10;
 214:Core/Src/stm32f1xx_hal_msp.c ****     GPIO_InitStruct.Mode = GPIO_MODE_AF_PP;
 215:Core/Src/stm32f1xx_hal_msp.c ****     GPIO_InitStruct.Speed = GPIO_SPEED_FREQ_HIGH;
 216:Core/Src/stm32f1xx_hal_msp.c ****     HAL_GPIO_Init(GPIOB, &GPIO_InitStruct);
 217:Core/Src/stm32f1xx_hal_msp.c **** 
 218:Core/Src/stm32f1xx_hal_msp.c ****     GPIO_InitStruct.Pin = GPIO_PIN_11;
 219:Core/Src/stm32f1xx_hal_msp.c ****     GPIO_InitStruct.Mode = GPIO_MODE_INPUT;
 220:Core/Src/stm32f1xx_hal_msp.c ****     GPIO_InitStruct.Pull = GPIO_NOPULL;
 221:Core/Src/stm32f1xx_hal_msp.c ****     HAL_GPIO_Init(GPIOB, &GPIO_InitStruct);
 222:Core/Src/stm32f1xx_hal_msp.c **** 
 223:Core/Src/stm32f1xx_hal_msp.c ****     /* USER CODE BEGIN USART3_MspInit 1 */
 224:Core/Src/stm32f1xx_hal_msp.c **** 
 225:Core/Src/stm32f1xx_hal_msp.c ****     /* USER CODE END USART3_MspInit 1 */
 226:Core/Src/stm32f1xx_hal_msp.c ****   }
 227:Core/Src/stm32f1xx_hal_msp.c **** 
 228:Core/Src/stm32f1xx_hal_msp.c **** }
 351              		.loc 1 228 1 view .LVU77
 352 001c 09B0     		add	sp, sp, #36
 353              	.LCFI12:
 354              		.cfi_remember_state
 355              		.cfi_def_cfa_offset 12
 356              		@ sp needed
 357 001e 30BD     		pop	{r4, r5, pc}
 358              	.LVL19:
 359              	.L28:
 360              	.LCFI13:
 361              		.cfi_restore_state
 176:Core/Src/stm32f1xx_hal_msp.c **** 
 362              		.loc 1 176 5 is_stmt 1 view .LVU78
 363              	.LBB7:
 176:Core/Src/stm32f1xx_hal_msp.c **** 
 364              		.loc 1 176 5 view .LVU79
 176:Core/Src/stm32f1xx_hal_msp.c **** 
 365              		.loc 1 176 5 view .LVU80
 366 0020 2F4B     		ldr	r3, .L30+8
 367 0022 9A69     		ldr	r2, [r3, #24]
 368 0024 42F48042 		orr	r2, r2, #16384
 369 0028 9A61     		str	r2, [r3, #24]
 176:Core/Src/stm32f1xx_hal_msp.c **** 
 370              		.loc 1 176 5 view .LVU81
 371 002a 9A69     		ldr	r2, [r3, #24]
 372 002c 02F48042 		and	r2, r2, #16384
 373 0030 0092     		str	r2, [sp]
 176:Core/Src/stm32f1xx_hal_msp.c **** 
 374              		.loc 1 176 5 view .LVU82
 375 0032 009A     		ldr	r2, [sp]
 376              	.LBE7:
 176:Core/Src/stm32f1xx_hal_msp.c **** 
 377              		.loc 1 176 5 view .LVU83
 178:Core/Src/stm32f1xx_hal_msp.c ****     /**USART1 GPIO Configuration
 378              		.loc 1 178 5 view .LVU84
 379              	.LBB8:
 178:Core/Src/stm32f1xx_hal_msp.c ****     /**USART1 GPIO Configuration
 380              		.loc 1 178 5 view .LVU85
 178:Core/Src/stm32f1xx_hal_msp.c ****     /**USART1 GPIO Configuration
 381              		.loc 1 178 5 view .LVU86
ARM GAS  C:\Users\CUREAM~1\AppData\Local\Temp\cczepCrS.s 			page 12


 382 0034 9A69     		ldr	r2, [r3, #24]
 383 0036 42F00402 		orr	r2, r2, #4
 384 003a 9A61     		str	r2, [r3, #24]
 178:Core/Src/stm32f1xx_hal_msp.c ****     /**USART1 GPIO Configuration
 385              		.loc 1 178 5 view .LVU87
 386 003c 9B69     		ldr	r3, [r3, #24]
 387 003e 03F00403 		and	r3, r3, #4
 388 0042 0193     		str	r3, [sp, #4]
 178:Core/Src/stm32f1xx_hal_msp.c ****     /**USART1 GPIO Configuration
 389              		.loc 1 178 5 view .LVU88
 390 0044 019B     		ldr	r3, [sp, #4]
 391              	.LBE8:
 178:Core/Src/stm32f1xx_hal_msp.c ****     /**USART1 GPIO Configuration
 392              		.loc 1 178 5 view .LVU89
 183:Core/Src/stm32f1xx_hal_msp.c ****     GPIO_InitStruct.Mode = GPIO_MODE_AF_PP;
 393              		.loc 1 183 5 view .LVU90
 183:Core/Src/stm32f1xx_hal_msp.c ****     GPIO_InitStruct.Mode = GPIO_MODE_AF_PP;
 394              		.loc 1 183 25 is_stmt 0 view .LVU91
 395 0046 4FF40073 		mov	r3, #512
 396 004a 0493     		str	r3, [sp, #16]
 184:Core/Src/stm32f1xx_hal_msp.c ****     GPIO_InitStruct.Speed = GPIO_SPEED_FREQ_HIGH;
 397              		.loc 1 184 5 is_stmt 1 view .LVU92
 184:Core/Src/stm32f1xx_hal_msp.c ****     GPIO_InitStruct.Speed = GPIO_SPEED_FREQ_HIGH;
 398              		.loc 1 184 26 is_stmt 0 view .LVU93
 399 004c 0223     		movs	r3, #2
 400 004e 0593     		str	r3, [sp, #20]
 185:Core/Src/stm32f1xx_hal_msp.c ****     HAL_GPIO_Init(GPIOA, &GPIO_InitStruct);
 401              		.loc 1 185 5 is_stmt 1 view .LVU94
 185:Core/Src/stm32f1xx_hal_msp.c ****     HAL_GPIO_Init(GPIOA, &GPIO_InitStruct);
 402              		.loc 1 185 27 is_stmt 0 view .LVU95
 403 0050 0323     		movs	r3, #3
 404 0052 0793     		str	r3, [sp, #28]
 186:Core/Src/stm32f1xx_hal_msp.c **** 
 405              		.loc 1 186 5 is_stmt 1 view .LVU96
 406 0054 234D     		ldr	r5, .L30+12
 407 0056 04A9     		add	r1, sp, #16
 408 0058 2846     		mov	r0, r5
 409              	.LVL20:
 186:Core/Src/stm32f1xx_hal_msp.c **** 
 410              		.loc 1 186 5 is_stmt 0 view .LVU97
 411 005a FFF7FEFF 		bl	HAL_GPIO_Init
 412              	.LVL21:
 188:Core/Src/stm32f1xx_hal_msp.c ****     GPIO_InitStruct.Mode = GPIO_MODE_INPUT;
 413              		.loc 1 188 5 is_stmt 1 view .LVU98
 188:Core/Src/stm32f1xx_hal_msp.c ****     GPIO_InitStruct.Mode = GPIO_MODE_INPUT;
 414              		.loc 1 188 25 is_stmt 0 view .LVU99
 415 005e 4FF48063 		mov	r3, #1024
 416 0062 0493     		str	r3, [sp, #16]
 189:Core/Src/stm32f1xx_hal_msp.c ****     GPIO_InitStruct.Pull = GPIO_NOPULL;
 417              		.loc 1 189 5 is_stmt 1 view .LVU100
 189:Core/Src/stm32f1xx_hal_msp.c ****     GPIO_InitStruct.Pull = GPIO_NOPULL;
 418              		.loc 1 189 26 is_stmt 0 view .LVU101
 419 0064 0024     		movs	r4, #0
 420 0066 0594     		str	r4, [sp, #20]
 190:Core/Src/stm32f1xx_hal_msp.c ****     HAL_GPIO_Init(GPIOA, &GPIO_InitStruct);
 421              		.loc 1 190 5 is_stmt 1 view .LVU102
 190:Core/Src/stm32f1xx_hal_msp.c ****     HAL_GPIO_Init(GPIOA, &GPIO_InitStruct);
ARM GAS  C:\Users\CUREAM~1\AppData\Local\Temp\cczepCrS.s 			page 13


 422              		.loc 1 190 26 is_stmt 0 view .LVU103
 423 0068 0694     		str	r4, [sp, #24]
 191:Core/Src/stm32f1xx_hal_msp.c **** 
 424              		.loc 1 191 5 is_stmt 1 view .LVU104
 425 006a 04A9     		add	r1, sp, #16
 426 006c 2846     		mov	r0, r5
 427 006e FFF7FEFF 		bl	HAL_GPIO_Init
 428              	.LVL22:
 194:Core/Src/stm32f1xx_hal_msp.c ****     HAL_NVIC_EnableIRQ(USART1_IRQn);
 429              		.loc 1 194 5 view .LVU105
 430 0072 2246     		mov	r2, r4
 431 0074 2146     		mov	r1, r4
 432 0076 2520     		movs	r0, #37
 433 0078 FFF7FEFF 		bl	HAL_NVIC_SetPriority
 434              	.LVL23:
 195:Core/Src/stm32f1xx_hal_msp.c ****     /* USER CODE BEGIN USART1_MspInit 1 */
 435              		.loc 1 195 5 view .LVU106
 436 007c 2520     		movs	r0, #37
 437 007e FFF7FEFF 		bl	HAL_NVIC_EnableIRQ
 438              	.LVL24:
 439 0082 CBE7     		b	.L24
 440              	.LVL25:
 441              	.L29:
 206:Core/Src/stm32f1xx_hal_msp.c **** 
 442              		.loc 1 206 5 view .LVU107
 443              	.LBB9:
 206:Core/Src/stm32f1xx_hal_msp.c **** 
 444              		.loc 1 206 5 view .LVU108
 206:Core/Src/stm32f1xx_hal_msp.c **** 
 445              		.loc 1 206 5 view .LVU109
 446 0084 164B     		ldr	r3, .L30+8
 447 0086 DA69     		ldr	r2, [r3, #28]
 448 0088 42F48022 		orr	r2, r2, #262144
 449 008c DA61     		str	r2, [r3, #28]
 206:Core/Src/stm32f1xx_hal_msp.c **** 
 450              		.loc 1 206 5 view .LVU110
 451 008e DA69     		ldr	r2, [r3, #28]
 452 0090 02F48022 		and	r2, r2, #262144
 453 0094 0292     		str	r2, [sp, #8]
 206:Core/Src/stm32f1xx_hal_msp.c **** 
 454              		.loc 1 206 5 view .LVU111
 455 0096 029A     		ldr	r2, [sp, #8]
 456              	.LBE9:
 206:Core/Src/stm32f1xx_hal_msp.c **** 
 457              		.loc 1 206 5 view .LVU112
 208:Core/Src/stm32f1xx_hal_msp.c ****     /**USART3 GPIO Configuration
 458              		.loc 1 208 5 view .LVU113
 459              	.LBB10:
 208:Core/Src/stm32f1xx_hal_msp.c ****     /**USART3 GPIO Configuration
 460              		.loc 1 208 5 view .LVU114
 208:Core/Src/stm32f1xx_hal_msp.c ****     /**USART3 GPIO Configuration
 461              		.loc 1 208 5 view .LVU115
 462 0098 9A69     		ldr	r2, [r3, #24]
 463 009a 42F00802 		orr	r2, r2, #8
 464 009e 9A61     		str	r2, [r3, #24]
 208:Core/Src/stm32f1xx_hal_msp.c ****     /**USART3 GPIO Configuration
 465              		.loc 1 208 5 view .LVU116
ARM GAS  C:\Users\CUREAM~1\AppData\Local\Temp\cczepCrS.s 			page 14


 466 00a0 9B69     		ldr	r3, [r3, #24]
 467 00a2 03F00803 		and	r3, r3, #8
 468 00a6 0393     		str	r3, [sp, #12]
 208:Core/Src/stm32f1xx_hal_msp.c ****     /**USART3 GPIO Configuration
 469              		.loc 1 208 5 view .LVU117
 470 00a8 039B     		ldr	r3, [sp, #12]
 471              	.LBE10:
 208:Core/Src/stm32f1xx_hal_msp.c ****     /**USART3 GPIO Configuration
 472              		.loc 1 208 5 view .LVU118
 213:Core/Src/stm32f1xx_hal_msp.c ****     GPIO_InitStruct.Mode = GPIO_MODE_AF_PP;
 473              		.loc 1 213 5 view .LVU119
 213:Core/Src/stm32f1xx_hal_msp.c ****     GPIO_InitStruct.Mode = GPIO_MODE_AF_PP;
 474              		.loc 1 213 25 is_stmt 0 view .LVU120
 475 00aa 4FF48063 		mov	r3, #1024
 476 00ae 0493     		str	r3, [sp, #16]
 214:Core/Src/stm32f1xx_hal_msp.c ****     GPIO_InitStruct.Speed = GPIO_SPEED_FREQ_HIGH;
 477              		.loc 1 214 5 is_stmt 1 view .LVU121
 214:Core/Src/stm32f1xx_hal_msp.c ****     GPIO_InitStruct.Speed = GPIO_SPEED_FREQ_HIGH;
 478              		.loc 1 214 26 is_stmt 0 view .LVU122
 479 00b0 0223     		movs	r3, #2
 480 00b2 0593     		str	r3, [sp, #20]
 215:Core/Src/stm32f1xx_hal_msp.c ****     HAL_GPIO_Init(GPIOB, &GPIO_InitStruct);
 481              		.loc 1 215 5 is_stmt 1 view .LVU123
 215:Core/Src/stm32f1xx_hal_msp.c ****     HAL_GPIO_Init(GPIOB, &GPIO_InitStruct);
 482              		.loc 1 215 27 is_stmt 0 view .LVU124
 483 00b4 0323     		movs	r3, #3
 484 00b6 0793     		str	r3, [sp, #28]
 216:Core/Src/stm32f1xx_hal_msp.c **** 
 485              		.loc 1 216 5 is_stmt 1 view .LVU125
 486 00b8 0B4C     		ldr	r4, .L30+16
 487 00ba 04A9     		add	r1, sp, #16
 488 00bc 2046     		mov	r0, r4
 489              	.LVL26:
 216:Core/Src/stm32f1xx_hal_msp.c **** 
 490              		.loc 1 216 5 is_stmt 0 view .LVU126
 491 00be FFF7FEFF 		bl	HAL_GPIO_Init
 492              	.LVL27:
 218:Core/Src/stm32f1xx_hal_msp.c ****     GPIO_InitStruct.Mode = GPIO_MODE_INPUT;
 493              		.loc 1 218 5 is_stmt 1 view .LVU127
 218:Core/Src/stm32f1xx_hal_msp.c ****     GPIO_InitStruct.Mode = GPIO_MODE_INPUT;
 494              		.loc 1 218 25 is_stmt 0 view .LVU128
 495 00c2 4FF40063 		mov	r3, #2048
 496 00c6 0493     		str	r3, [sp, #16]
 219:Core/Src/stm32f1xx_hal_msp.c ****     GPIO_InitStruct.Pull = GPIO_NOPULL;
 497              		.loc 1 219 5 is_stmt 1 view .LVU129
 219:Core/Src/stm32f1xx_hal_msp.c ****     GPIO_InitStruct.Pull = GPIO_NOPULL;
 498              		.loc 1 219 26 is_stmt 0 view .LVU130
 499 00c8 0023     		movs	r3, #0
 500 00ca 0593     		str	r3, [sp, #20]
 220:Core/Src/stm32f1xx_hal_msp.c ****     HAL_GPIO_Init(GPIOB, &GPIO_InitStruct);
 501              		.loc 1 220 5 is_stmt 1 view .LVU131
 220:Core/Src/stm32f1xx_hal_msp.c ****     HAL_GPIO_Init(GPIOB, &GPIO_InitStruct);
 502              		.loc 1 220 26 is_stmt 0 view .LVU132
 503 00cc 0693     		str	r3, [sp, #24]
 221:Core/Src/stm32f1xx_hal_msp.c **** 
 504              		.loc 1 221 5 is_stmt 1 view .LVU133
 505 00ce 04A9     		add	r1, sp, #16
ARM GAS  C:\Users\CUREAM~1\AppData\Local\Temp\cczepCrS.s 			page 15


 506 00d0 2046     		mov	r0, r4
 507 00d2 FFF7FEFF 		bl	HAL_GPIO_Init
 508              	.LVL28:
 509              		.loc 1 228 1 is_stmt 0 view .LVU134
 510 00d6 A1E7     		b	.L24
 511              	.L31:
 512              		.align	2
 513              	.L30:
 514 00d8 00380140 		.word	1073821696
 515 00dc 00480040 		.word	1073760256
 516 00e0 00100240 		.word	1073876992
 517 00e4 00080140 		.word	1073809408
 518 00e8 000C0140 		.word	1073810432
 519              		.cfi_endproc
 520              	.LFE69:
 522              		.section	.text.HAL_UART_MspDeInit,"ax",%progbits
 523              		.align	1
 524              		.global	HAL_UART_MspDeInit
 525              		.syntax unified
 526              		.thumb
 527              		.thumb_func
 529              	HAL_UART_MspDeInit:
 530              	.LVL29:
 531              	.LFB70:
 229:Core/Src/stm32f1xx_hal_msp.c **** 
 230:Core/Src/stm32f1xx_hal_msp.c **** /**
 231:Core/Src/stm32f1xx_hal_msp.c ****   * @brief UART MSP De-Initialization
 232:Core/Src/stm32f1xx_hal_msp.c ****   * This function freeze the hardware resources used in this example
 233:Core/Src/stm32f1xx_hal_msp.c ****   * @param huart: UART handle pointer
 234:Core/Src/stm32f1xx_hal_msp.c ****   * @retval None
 235:Core/Src/stm32f1xx_hal_msp.c ****   */
 236:Core/Src/stm32f1xx_hal_msp.c **** void HAL_UART_MspDeInit(UART_HandleTypeDef* huart)
 237:Core/Src/stm32f1xx_hal_msp.c **** {
 532              		.loc 1 237 1 is_stmt 1 view -0
 533              		.cfi_startproc
 534              		@ args = 0, pretend = 0, frame = 0
 535              		@ frame_needed = 0, uses_anonymous_args = 0
 536              		.loc 1 237 1 is_stmt 0 view .LVU136
 537 0000 08B5     		push	{r3, lr}
 538              	.LCFI14:
 539              		.cfi_def_cfa_offset 8
 540              		.cfi_offset 3, -8
 541              		.cfi_offset 14, -4
 238:Core/Src/stm32f1xx_hal_msp.c ****   if(huart->Instance==USART1)
 542              		.loc 1 238 3 is_stmt 1 view .LVU137
 543              		.loc 1 238 11 is_stmt 0 view .LVU138
 544 0002 0368     		ldr	r3, [r0]
 545              		.loc 1 238 5 view .LVU139
 546 0004 104A     		ldr	r2, .L38
 547 0006 9342     		cmp	r3, r2
 548 0008 03D0     		beq	.L36
 239:Core/Src/stm32f1xx_hal_msp.c ****   {
 240:Core/Src/stm32f1xx_hal_msp.c ****     /* USER CODE BEGIN USART1_MspDeInit 0 */
 241:Core/Src/stm32f1xx_hal_msp.c **** 
 242:Core/Src/stm32f1xx_hal_msp.c ****     /* USER CODE END USART1_MspDeInit 0 */
 243:Core/Src/stm32f1xx_hal_msp.c ****     /* Peripheral clock disable */
 244:Core/Src/stm32f1xx_hal_msp.c ****     __HAL_RCC_USART1_CLK_DISABLE();
ARM GAS  C:\Users\CUREAM~1\AppData\Local\Temp\cczepCrS.s 			page 16


 245:Core/Src/stm32f1xx_hal_msp.c **** 
 246:Core/Src/stm32f1xx_hal_msp.c ****     /**USART1 GPIO Configuration
 247:Core/Src/stm32f1xx_hal_msp.c ****     PA9     ------> USART1_TX
 248:Core/Src/stm32f1xx_hal_msp.c ****     PA10     ------> USART1_RX
 249:Core/Src/stm32f1xx_hal_msp.c ****     */
 250:Core/Src/stm32f1xx_hal_msp.c ****     HAL_GPIO_DeInit(GPIOA, GPIO_PIN_9|GPIO_PIN_10);
 251:Core/Src/stm32f1xx_hal_msp.c **** 
 252:Core/Src/stm32f1xx_hal_msp.c ****     /* USART1 interrupt DeInit */
 253:Core/Src/stm32f1xx_hal_msp.c ****     HAL_NVIC_DisableIRQ(USART1_IRQn);
 254:Core/Src/stm32f1xx_hal_msp.c ****     /* USER CODE BEGIN USART1_MspDeInit 1 */
 255:Core/Src/stm32f1xx_hal_msp.c **** 
 256:Core/Src/stm32f1xx_hal_msp.c ****     /* USER CODE END USART1_MspDeInit 1 */
 257:Core/Src/stm32f1xx_hal_msp.c ****   }
 258:Core/Src/stm32f1xx_hal_msp.c ****   else if(huart->Instance==USART3)
 549              		.loc 1 258 8 is_stmt 1 view .LVU140
 550              		.loc 1 258 10 is_stmt 0 view .LVU141
 551 000a 104A     		ldr	r2, .L38+4
 552 000c 9342     		cmp	r3, r2
 553 000e 0FD0     		beq	.L37
 554              	.LVL30:
 555              	.L32:
 259:Core/Src/stm32f1xx_hal_msp.c ****   {
 260:Core/Src/stm32f1xx_hal_msp.c ****     /* USER CODE BEGIN USART3_MspDeInit 0 */
 261:Core/Src/stm32f1xx_hal_msp.c **** 
 262:Core/Src/stm32f1xx_hal_msp.c ****     /* USER CODE END USART3_MspDeInit 0 */
 263:Core/Src/stm32f1xx_hal_msp.c ****     /* Peripheral clock disable */
 264:Core/Src/stm32f1xx_hal_msp.c ****     __HAL_RCC_USART3_CLK_DISABLE();
 265:Core/Src/stm32f1xx_hal_msp.c **** 
 266:Core/Src/stm32f1xx_hal_msp.c ****     /**USART3 GPIO Configuration
 267:Core/Src/stm32f1xx_hal_msp.c ****     PB10     ------> USART3_TX
 268:Core/Src/stm32f1xx_hal_msp.c ****     PB11     ------> USART3_RX
 269:Core/Src/stm32f1xx_hal_msp.c ****     */
 270:Core/Src/stm32f1xx_hal_msp.c ****     HAL_GPIO_DeInit(GPIOB, GPIO_PIN_10|GPIO_PIN_11);
 271:Core/Src/stm32f1xx_hal_msp.c **** 
 272:Core/Src/stm32f1xx_hal_msp.c ****     /* USER CODE BEGIN USART3_MspDeInit 1 */
 273:Core/Src/stm32f1xx_hal_msp.c **** 
 274:Core/Src/stm32f1xx_hal_msp.c ****     /* USER CODE END USART3_MspDeInit 1 */
 275:Core/Src/stm32f1xx_hal_msp.c ****   }
 276:Core/Src/stm32f1xx_hal_msp.c **** 
 277:Core/Src/stm32f1xx_hal_msp.c **** }
 556              		.loc 1 277 1 view .LVU142
 557 0010 08BD     		pop	{r3, pc}
 558              	.LVL31:
 559              	.L36:
 244:Core/Src/stm32f1xx_hal_msp.c **** 
 560              		.loc 1 244 5 is_stmt 1 view .LVU143
 561 0012 02F55842 		add	r2, r2, #55296
 562 0016 9369     		ldr	r3, [r2, #24]
 563 0018 23F48043 		bic	r3, r3, #16384
 564 001c 9361     		str	r3, [r2, #24]
 250:Core/Src/stm32f1xx_hal_msp.c **** 
 565              		.loc 1 250 5 view .LVU144
 566 001e 4FF4C061 		mov	r1, #1536
 567 0022 0B48     		ldr	r0, .L38+8
 568              	.LVL32:
 250:Core/Src/stm32f1xx_hal_msp.c **** 
 569              		.loc 1 250 5 is_stmt 0 view .LVU145
ARM GAS  C:\Users\CUREAM~1\AppData\Local\Temp\cczepCrS.s 			page 17


 570 0024 FFF7FEFF 		bl	HAL_GPIO_DeInit
 571              	.LVL33:
 253:Core/Src/stm32f1xx_hal_msp.c ****     /* USER CODE BEGIN USART1_MspDeInit 1 */
 572              		.loc 1 253 5 is_stmt 1 view .LVU146
 573 0028 2520     		movs	r0, #37
 574 002a FFF7FEFF 		bl	HAL_NVIC_DisableIRQ
 575              	.LVL34:
 576 002e EFE7     		b	.L32
 577              	.LVL35:
 578              	.L37:
 264:Core/Src/stm32f1xx_hal_msp.c **** 
 579              		.loc 1 264 5 view .LVU147
 580 0030 02F5E432 		add	r2, r2, #116736
 581 0034 D369     		ldr	r3, [r2, #28]
 582 0036 23F48023 		bic	r3, r3, #262144
 583 003a D361     		str	r3, [r2, #28]
 270:Core/Src/stm32f1xx_hal_msp.c **** 
 584              		.loc 1 270 5 view .LVU148
 585 003c 4FF44061 		mov	r1, #3072
 586 0040 0448     		ldr	r0, .L38+12
 587              	.LVL36:
 270:Core/Src/stm32f1xx_hal_msp.c **** 
 588              		.loc 1 270 5 is_stmt 0 view .LVU149
 589 0042 FFF7FEFF 		bl	HAL_GPIO_DeInit
 590              	.LVL37:
 591              		.loc 1 277 1 view .LVU150
 592 0046 E3E7     		b	.L32
 593              	.L39:
 594              		.align	2
 595              	.L38:
 596 0048 00380140 		.word	1073821696
 597 004c 00480040 		.word	1073760256
 598 0050 00080140 		.word	1073809408
 599 0054 000C0140 		.word	1073810432
 600              		.cfi_endproc
 601              	.LFE70:
 603              		.text
 604              	.Letext0:
 605              		.file 2 "Drivers/CMSIS/Device/ST/STM32F1xx/Include/stm32f103xb.h"
 606              		.file 3 "C:\\ST\\STM32CubeCLT_1.18.0\\GNU-tools-for-STM32\\bin/../lib/gcc/arm-none-eabi/13.3.1/../
 607              		.file 4 "C:\\ST\\STM32CubeCLT_1.18.0\\GNU-tools-for-STM32\\bin/../lib/gcc/arm-none-eabi/13.3.1/../
 608              		.file 5 "Drivers/STM32F1xx_HAL_Driver/Inc/stm32f1xx_hal_def.h"
 609              		.file 6 "Drivers/STM32F1xx_HAL_Driver/Inc/stm32f1xx_hal_gpio.h"
 610              		.file 7 "Drivers/STM32F1xx_HAL_Driver/Inc/stm32f1xx_hal_dma.h"
 611              		.file 8 "Drivers/STM32F1xx_HAL_Driver/Inc/stm32f1xx_hal_tim.h"
 612              		.file 9 "Drivers/STM32F1xx_HAL_Driver/Inc/stm32f1xx_hal_uart.h"
 613              		.file 10 "Drivers/STM32F1xx_HAL_Driver/Inc/stm32f1xx_hal_cortex.h"
ARM GAS  C:\Users\CUREAM~1\AppData\Local\Temp\cczepCrS.s 			page 18


DEFINED SYMBOLS
                            *ABS*:00000000 stm32f1xx_hal_msp.c
C:\Users\CUREAM~1\AppData\Local\Temp\cczepCrS.s:19     .text.HAL_MspInit:00000000 $t
C:\Users\CUREAM~1\AppData\Local\Temp\cczepCrS.s:25     .text.HAL_MspInit:00000000 HAL_MspInit
C:\Users\CUREAM~1\AppData\Local\Temp\cczepCrS.s:91     .text.HAL_MspInit:0000003c $d
C:\Users\CUREAM~1\AppData\Local\Temp\cczepCrS.s:97     .text.HAL_TIM_Base_MspInit:00000000 $t
C:\Users\CUREAM~1\AppData\Local\Temp\cczepCrS.s:103    .text.HAL_TIM_Base_MspInit:00000000 HAL_TIM_Base_MspInit
C:\Users\CUREAM~1\AppData\Local\Temp\cczepCrS.s:164    .text.HAL_TIM_MspPostInit:00000000 $t
C:\Users\CUREAM~1\AppData\Local\Temp\cczepCrS.s:170    .text.HAL_TIM_MspPostInit:00000000 HAL_TIM_MspPostInit
C:\Users\CUREAM~1\AppData\Local\Temp\cczepCrS.s:250    .text.HAL_TIM_MspPostInit:00000048 $d
C:\Users\CUREAM~1\AppData\Local\Temp\cczepCrS.s:255    .text.HAL_TIM_Base_MspDeInit:00000000 $t
C:\Users\CUREAM~1\AppData\Local\Temp\cczepCrS.s:261    .text.HAL_TIM_Base_MspDeInit:00000000 HAL_TIM_Base_MspDeInit
C:\Users\CUREAM~1\AppData\Local\Temp\cczepCrS.s:302    .text.HAL_TIM_Base_MspDeInit:00000020 $d
C:\Users\CUREAM~1\AppData\Local\Temp\cczepCrS.s:307    .text.HAL_UART_MspInit:00000000 $t
C:\Users\CUREAM~1\AppData\Local\Temp\cczepCrS.s:313    .text.HAL_UART_MspInit:00000000 HAL_UART_MspInit
C:\Users\CUREAM~1\AppData\Local\Temp\cczepCrS.s:514    .text.HAL_UART_MspInit:000000d8 $d
C:\Users\CUREAM~1\AppData\Local\Temp\cczepCrS.s:523    .text.HAL_UART_MspDeInit:00000000 $t
C:\Users\CUREAM~1\AppData\Local\Temp\cczepCrS.s:529    .text.HAL_UART_MspDeInit:00000000 HAL_UART_MspDeInit
C:\Users\CUREAM~1\AppData\Local\Temp\cczepCrS.s:596    .text.HAL_UART_MspDeInit:00000048 $d

UNDEFINED SYMBOLS
HAL_NVIC_SetPriority
HAL_NVIC_EnableIRQ
HAL_GPIO_Init
HAL_NVIC_DisableIRQ
HAL_GPIO_DeInit
